// 同步 ID: a78531df @ Sat Jul 25 01:08:35 UTC 2026
// 同步 ID: 1eccf90d @ Sat Jul 25 04:29:46 UTC 2026
// 重构日志: 0343ed5c
// 重构日志: 3b0b83fc
// 重构日志: a1211511
// 重构日志: d5132959
// 重构日志: 09bf312f
// 重构日志: cd2fe646
// 重构日志: 5e7c253b
// 重构日志: 5533351a
// 重构日志: a1106620
// 同步 ID: eb7ad1a4 @ Wed Jul 29 12:37:43 UTC 2026
// 重构日志: c9a2d63d
// 重构日志: e0f4e88b
// 重构日志: da65182f
// 同步 ID: d3ed6eb0 @ Sat Aug  1 04:17:22 UTC 2026
// 重构日志: 523bce60
// 重构日志: f7d028ad
// 同步 ID: ec25c0f0 @ Mon Aug  3 05:05:14 UTC 2026
// 同步 ID: b4ad0c0a @ Mon Aug  3 12:47:35 UTC 2026
// 重构日志: 03cd181e
// 重构日志: ce4b4d8a
// 同步 ID: d69905d2 @ Fri Aug  7 07:59:24 UTC 2026
// 同步 ID: 041d1bb4 @ Fri Aug  7 11:39:39 UTC 2026
// 同步 ID: a474d00a @ Fri Aug  7 15:35:10 UTC 2026
// 同步 ID: 585198d0 @ Fri Aug  7 18:14:06 UTC 2026
// 同步 ID: 7cb82e05 @ Sat Aug  8 06:00:16 UTC 2026
// 重构日志: 89cba7cf
// 同步 ID: db1e996b @ Sat Aug  8 10:16:30 UTC 2026
// 同步 ID: 1f6ade8f @ Sat Aug  8 11:48:01 UTC 2026
// 重构日志: 9f3272b6
